The provided execution plan contains the following changes.

Changes to Resources:

  # null_resource.sensitive must be replaced
-/+ null_resource.sensitive = {
      ~ id = "4190156157480914441" -> "(known after apply)"
        triggers = { # forces replacement
          ~ secret = "some secret value" -> "new secret value"
        }
    }

Changes to Outputs:

  ~ json_with_nested_sensitive = jsonencode(
        {
          ~ key = "value" -> "value2"
        }
    )
  ~ null_resource = {
      ~ id = "4190156157480914441" -> "(known after apply)"
        triggers = {
          ~ secret = "some secret value" -> "new secret value"
        }
    }
  + other_value = jsonencode(
        {
          + key = "value"
        }
    )
  ~ sensitive = "some secret value" -> "new secret value"
  ~ sensitive_json = jsonencode(
        {
          ~ key = "value" -> "value2"
        }
    )
