The provided execution plan contains the following changes.

Changes to Resources:

  ~ time_offset.example = {
      ~ day = 31 -> 1
      ~ month = 5 -> 6
      ~ offset_days = 7 -> 8
      ~ rfc3339 = "2024-05-31T12:48:08Z" -> "2024-06-01T12:48:08Z"
      ~ unix = 1717159688 -> 1717246088
        # (12 unchanged attribute hidden)
    }

